★ eas-cli@20.1.0 is now available.
To upgrade, run:
npm install -g eas-cli
Proceeding with outdated version.

Resolved "preview" environment for the build. Learn more: https://docs.expo.dev/eas/environment-variables/#setting-the-environment-for-your-builds
No environment variables with visibility "Plain text" and "Sensitive" found for the "preview" environment on EAS.



✔ Using remote Android credentials (Expo server)
✔ Using Keystore from configuration: Build Credentials B-ag1x9DeP (default)

Compressing project files and uploading to EAS Build. Learn more: https://expo.fyi/eas-build-archive
- Compressing project files
- Uploading to EAS Build (0 / 588 KB)
✔ Uploaded to EAS 
- Computing project fingerprint
⌛️ Computing the project fingerprint is taking longer than expected...
⏩ To skip this step, set the environment variable: EAS_SKIP_AUTO_FINGERPRINT=1
✔ Computed project fingerprint

See logs: https://expo.dev/accounts/devexpogreg/projects/pakt/builds/90336776-5359-40d1-a2ef-711ab5bffa1a

Waiting for build to complete. You can press Ctrl+C to exit.
- Waiting for build to complete.
✔ Build finished

  ▄▄▄▄▄▄▄▄▄▄▄▄▄▄▄▄▄▄▄▄▄▄▄▄▄▄▄▄▄▄▄▄▄▄▄▄▄▄▄
  █ ▄▄▄▄▄ █ ██▀▀  ▄ ██▀▄█ ▄██▄▄▄█ ▄▄▄▄▄ █
  █ █   █ █  ▀█ ▀  ▄▄▄▀▄▄ ██▀  ▄█ █   █ █
  █ █▄▄▄█ █▀  █▄▄ ▄▀▀▀▀  ▀▄█▄▄▄▄█ █▄▄▄█ █
  █▄▄▄▄▄▄▄█▄█ ▀▄█▄▀ ▀ ▀ ▀▄▀▄█ ▀ █▄▄▄▄▄▄▄█
  █▄ ▀▀▄▄▄▀▀▀▄█▄▀▄▀▄▄▄▄▀▄▄▀▄▀█  ██▄▀▄  ▄█
  ██▄▄ ██▄ ▄▀ █▀█ ▄█  ▀ ▀  █▄█ █▄▀▄█ ▀▄▀█
  █▀█▄▀  ▄▄▄▀ ▄▀▀▀▀▄ ▄▄▀▄ ▀█▀▀▀▀▄▄▄▀▀ ▀▄█
  ██▄█ ▄ ▄ ▀▀▄ ▄▄█ █ ▀▀  █▄ █ ▄▄▄▀  ▀▀▀██
  █▀▀█ █▀▄█▀▄▀█▄▀▀ █  ▄▀ ▄  ▀▀▀ ▄▄ ▀▀ ▀▄█
  █▀▀ ▄▀ ▄ ▀█▄█▀▄▄▄▄  ▀▀ ▄▄▄▄  ██ ▀▄█▀▀██
  ██  ██ ▄██ █▄▀▀▀▀▀▄▄▄▀ ▄▀██ ▀▀ ▄█▀▀▄ ▄█
  █▀█▀█▀█▄▀█▀▄ ▄▄▄ █ ▄▀▄ ▀ ▀▄  ▄██ ██ ▀██
  █▀█ ▄▄▀▄█▄▀██▄▀▀▀▀▄▄▄▀▄▄▀█▀█▀▀▄▄▄▀▄  ▄█
  ███ ▀▀▄▄ ▀▀ █▀█▀▄  █▀▄ ▀▄▄██▄█▀ ▀█▄ ▀██
  █▄▄▄██▄▄▄ ▀▄▄▀▀▄▀▄▄▀▄▀▄ ▀▄▀█▄ ▄▄▄ ▄▄███
  █ ▄▄▄▄▄ █▀▄█ ▄█▀ ▀ ▄██▀▄  ▄█▀ █▄█ ▄ █▀█
  █ █   █ █▄▀▄█▄▀▀▀▀▄▄▄▀ █▀▄█▀▀    ▄▀  ▀█
  █ █▄▄▄█ █▀█▀█▀█▀ █ ▀█▄▀█▄█▄ ▄▄█▄▄▀▀▀▀██
  █▄▄▄▄▄▄▄█▄▄█▄▄▄▄▄█▄▄██▄█▄▄██▄██▄███▄▄▄█


🤖 Open this link on your Android devices (or scan the QR code) to install the app:
https://expo.dev/accounts/devexpogreg/projects/pakt/builds/90336776-5359-40d1-a2ef-711ab5bffa1a
